/home/mapir/gonzalo_ws/install/sancho_navigation/lib/python3.10/site-packages/sancho_navigation/greenhouse_navigator.py
/home/mapir/gonzalo_ws/install/sancho_navigation/lib/python3.10/site-packages/sancho_navigation/plant_doctor.py
/home/mapir/gonzalo_ws/install/sancho_navigation/lib/python3.10/site-packages/sancho_navigation/route_visualizer.py
/home/mapir/gonzalo_ws/install/sancho_navigation/lib/python3.10/site-packages/sancho_navigation/__init__.py
/home/mapir/gonzalo_ws/install/sancho_navigation/lib/python3.10/site-packages/sancho_navigation/__pycache__/greenhouse_navigator.cpython-310.pyc
/home/mapir/gonzalo_ws/install/sancho_navigation/lib/python3.10/site-packages/sancho_navigation/__pycache__/plant_doctor.cpython-310.pyc
/home/mapir/gonzalo_ws/install/sancho_navigation/lib/python3.10/site-packages/sancho_navigation/__pycache__/route_visualizer.cpython-310.pyc
/home/mapir/gonzalo_ws/install/sancho_navigation/lib/python3.10/site-packages/sancho_navigation/__pycache__/__init__.cpython-310.pyc
/home/mapir/gonzalo_ws/install/sancho_navigation/share/ament_index/resource_index/packages/sancho_navigation
/home/mapir/gonzalo_ws/install/sancho_navigation/share/sancho_navigation/package.xml
/home/mapir/gonzalo_ws/install/sancho_navigation/share/sancho_navigation/launch/navigation.launch.py
/home/mapir/gonzalo_ws/install/sancho_navigation/share/sancho_navigation/launch/slam.launch.py
/home/mapir/gonzalo_ws/install/sancho_navigation/share/sancho_navigation/launch/simulation.launch.py
/home/mapir/gonzalo_ws/install/sancho_navigation/share/sancho_navigation/launch/real_navigation.launch.py
/home/mapir/gonzalo_ws/install/sancho_navigation/share/sancho_navigation/config/mapper_params_online_async.yaml
/home/mapir/gonzalo_ws/install/sancho_navigation/share/sancho_navigation/config/mapper_params_real.yaml
/home/mapir/gonzalo_ws/install/sancho_navigation/share/sancho_navigation/config/greenhouse_config.yaml
/home/mapir/gonzalo_ws/install/sancho_navigation/share/sancho_navigation/config/nav2_params_real.yaml
/home/mapir/gonzalo_ws/install/sancho_navigation/share/sancho_navigation/config/nav2_params_sim.yaml
/home/mapir/gonzalo_ws/install/sancho_navigation/share/sancho_navigation/worlds/greenhouse.world
/home/mapir/gonzalo_ws/install/sancho_navigation/share/sancho_navigation/maps/prueba.pgm
/home/mapir/gonzalo_ws/install/sancho_navigation/share/sancho_navigation/maps/greenhouse_raw.yaml
/home/mapir/gonzalo_ws/install/sancho_navigation/share/sancho_navigation/maps/greenhouse_raw.pgm
/home/mapir/gonzalo_ws/install/sancho_navigation/share/sancho_navigation/maps/prueba.yaml
/home/mapir/gonzalo_ws/install/sancho_navigation/share/sancho_navigation/maps/greenhouse_map.yaml
/home/mapir/gonzalo_ws/install/sancho_navigation/share/sancho_navigation/maps/greenhouse_map.pgm
/home/mapir/gonzalo_ws/install/sancho_navigation/share/sancho_navigation/test_images/test1.JPG
/home/mapir/gonzalo_ws/install/sancho_navigation/share/sancho_navigation/test_images/test4.JPG
/home/mapir/gonzalo_ws/install/sancho_navigation/share/sancho_navigation/test_images/test2.JPG
/home/mapir/gonzalo_ws/install/sancho_navigation/share/sancho_navigation/test_images/test3.JPG
/home/mapir/gonzalo_ws/install/sancho_navigation/share/sancho_navigation/models/tomato_model.pth
/home/mapir/gonzalo_ws/install/sancho_navigation/share/sancho_navigation/models/bush_2/model.sdf
/home/mapir/gonzalo_ws/install/sancho_navigation/share/sancho_navigation/models/bush_2/model.config
/home/mapir/gonzalo_ws/install/sancho_navigation/share/sancho_navigation/models/bush_2/meshes/Green_Le.jpg
/home/mapir/gonzalo_ws/install/sancho_navigation/share/sancho_navigation/models/bush_2/meshes/bush_2.obj
/home/mapir/gonzalo_ws/install/sancho_navigation/share/sancho_navigation/models/bush_2/meshes/bush_2.mtl
/home/mapir/gonzalo_ws/install/sancho_navigation/lib/python3.10/site-packages/sancho_navigation-0.0.0-py3.10.egg-info/entry_points.txt
/home/mapir/gonzalo_ws/install/sancho_navigation/lib/python3.10/site-packages/sancho_navigation-0.0.0-py3.10.egg-info/PKG-INFO
/home/mapir/gonzalo_ws/install/sancho_navigation/lib/python3.10/site-packages/sancho_navigation-0.0.0-py3.10.egg-info/SOURCES.txt
/home/mapir/gonzalo_ws/install/sancho_navigation/lib/python3.10/site-packages/sancho_navigation-0.0.0-py3.10.egg-info/requires.txt
/home/mapir/gonzalo_ws/install/sancho_navigation/lib/python3.10/site-packages/sancho_navigation-0.0.0-py3.10.egg-info/top_level.txt
/home/mapir/gonzalo_ws/install/sancho_navigation/lib/python3.10/site-packages/sancho_navigation-0.0.0-py3.10.egg-info/zip-safe
/home/mapir/gonzalo_ws/install/sancho_navigation/lib/python3.10/site-packages/sancho_navigation-0.0.0-py3.10.egg-info/dependency_links.txt
/home/mapir/gonzalo_ws/install/sancho_navigation/lib/sancho_navigation/greenhouse_navigator
/home/mapir/gonzalo_ws/install/sancho_navigation/lib/sancho_navigation/route_visualizer
