running develop
Removing /home/mapir/gonzalo_ws/install/sancho_navigation/lib/python3.10/site-packages/sancho-navigation.egg-link (link to .)
running egg_info
writing ../../build/sancho_navigation/sancho_navigation.egg-info/PKG-INFO
writing dependency_links to ../../build/sancho_navigation/sancho_navigation.egg-info/dependency_links.txt
writing entry points to ../../build/sancho_navigation/sancho_navigation.egg-info/entry_points.txt
writing requirements to ../../build/sancho_navigation/sancho_navigation.egg-info/requires.txt
writing top-level names to ../../build/sancho_navigation/sancho_navigation.egg-info/top_level.txt
reading manifest file '../../build/sancho_navigation/sancho_navigation.egg-info/SOURCES.txt'
writing manifest file '../../build/sancho_navigation/sancho_navigation.egg-info/SOURCES.txt'
running build
running build_py
creating /home/mapir/gonzalo_ws/build/sancho_navigation/build
creating /home/mapir/gonzalo_ws/build/sancho_navigation/build/lib
creating /home/mapir/gonzalo_ws/build/sancho_navigation/build/lib/sancho_navigation
copying sancho_navigation/greenhouse_navigator.py -> /home/mapir/gonzalo_ws/build/sancho_navigation/build/lib/sancho_navigation
copying sancho_navigation/__init__.py -> /home/mapir/gonzalo_ws/build/sancho_navigation/build/lib/sancho_navigation
copying sancho_navigation/plant_doctor.py -> /home/mapir/gonzalo_ws/build/sancho_navigation/build/lib/sancho_navigation
copying sancho_navigation/route_visualizer.py -> /home/mapir/gonzalo_ws/build/sancho_navigation/build/lib/sancho_navigation
running install
running install_lib
creating /home/mapir/gonzalo_ws/install/sancho_navigation/lib/python3.10/site-packages/sancho_navigation
copying /home/mapir/gonzalo_ws/build/sancho_navigation/build/lib/sancho_navigation/greenhouse_navigator.py -> /home/mapir/gonzalo_ws/install/sancho_navigation/lib/python3.10/site-packages/sancho_navigation
copying /home/mapir/gonzalo_ws/build/sancho_navigation/build/lib/sancho_navigation/__init__.py -> /home/mapir/gonzalo_ws/install/sancho_navigation/lib/python3.10/site-packages/sancho_navigation
copying /home/mapir/gonzalo_ws/build/sancho_navigation/build/lib/sancho_navigation/plant_doctor.py -> /home/mapir/gonzalo_ws/install/sancho_navigation/lib/python3.10/site-packages/sancho_navigation
copying /home/mapir/gonzalo_ws/build/sancho_navigation/build/lib/sancho_navigation/route_visualizer.py -> /home/mapir/gonzalo_ws/install/sancho_navigation/lib/python3.10/site-packages/sancho_navigation
byte-compiling /home/mapir/gonzalo_ws/install/sancho_navigation/lib/python3.10/site-packages/sancho_navigation/greenhouse_navigator.py to greenhouse_navigator.cpython-310.pyc
byte-compiling /home/mapir/gonzalo_ws/install/sancho_navigation/lib/python3.10/site-packages/sancho_navigation/__init__.py to __init__.cpython-310.pyc
byte-compiling /home/mapir/gonzalo_ws/install/sancho_navigation/lib/python3.10/site-packages/sancho_navigation/plant_doctor.py to plant_doctor.cpython-310.pyc
byte-compiling /home/mapir/gonzalo_ws/install/sancho_navigation/lib/python3.10/site-packages/sancho_navigation/route_visualizer.py to route_visualizer.cpython-310.pyc
running install_data
copying resource/sancho_navigation -> /home/mapir/gonzalo_ws/install/sancho_navigation/share/ament_index/resource_index/packages
copying package.xml -> /home/mapir/gonzalo_ws/install/sancho_navigation/share/sancho_navigation
copying launch/simulation.launch.py -> /home/mapir/gonzalo_ws/install/sancho_navigation/share/sancho_navigation/launch
copying launch/slam.launch.py -> /home/mapir/gonzalo_ws/install/sancho_navigation/share/sancho_navigation/launch
copying launch/navigation.launch.py -> /home/mapir/gonzalo_ws/install/sancho_navigation/share/sancho_navigation/launch
copying launch/real_navigation.launch.py -> /home/mapir/gonzalo_ws/install/sancho_navigation/share/sancho_navigation/launch
copying config/mapper_params_real.yaml -> /home/mapir/gonzalo_ws/install/sancho_navigation/share/sancho_navigation/config
copying config/nav2_params_sim.yaml -> /home/mapir/gonzalo_ws/install/sancho_navigation/share/sancho_navigation/config
copying config/mapper_params_online_async.yaml -> /home/mapir/gonzalo_ws/install/sancho_navigation/share/sancho_navigation/config
copying config/greenhouse_config.yaml -> /home/mapir/gonzalo_ws/install/sancho_navigation/share/sancho_navigation/config
copying config/nav2_params_real.yaml -> /home/mapir/gonzalo_ws/install/sancho_navigation/share/sancho_navigation/config
copying worlds/greenhouse.world -> /home/mapir/gonzalo_ws/install/sancho_navigation/share/sancho_navigation/worlds
copying maps/prueba.pgm -> /home/mapir/gonzalo_ws/install/sancho_navigation/share/sancho_navigation/maps
copying maps/greenhouse_raw.pgm -> /home/mapir/gonzalo_ws/install/sancho_navigation/share/sancho_navigation/maps
copying maps/greenhouse_raw.yaml -> /home/mapir/gonzalo_ws/install/sancho_navigation/share/sancho_navigation/maps
copying maps/prueba.yaml -> /home/mapir/gonzalo_ws/install/sancho_navigation/share/sancho_navigation/maps
copying maps/greenhouse_map.yaml -> /home/mapir/gonzalo_ws/install/sancho_navigation/share/sancho_navigation/maps
copying maps/greenhouse_map.pgm -> /home/mapir/gonzalo_ws/install/sancho_navigation/share/sancho_navigation/maps
copying test_images/test1.JPG -> /home/mapir/gonzalo_ws/install/sancho_navigation/share/sancho_navigation/test_images
copying test_images/test4.JPG -> /home/mapir/gonzalo_ws/install/sancho_navigation/share/sancho_navigation/test_images
copying test_images/test3.JPG -> /home/mapir/gonzalo_ws/install/sancho_navigation/share/sancho_navigation/test_images
copying test_images/test2.JPG -> /home/mapir/gonzalo_ws/install/sancho_navigation/share/sancho_navigation/test_images
copying models/best_model_optimized.pth -> /home/mapir/gonzalo_ws/install/sancho_navigation/share/sancho_navigation/models
copying models/tomato_model.pth -> /home/mapir/gonzalo_ws/install/sancho_navigation/share/sancho_navigation/models
copying models/bush_2/model.sdf -> /home/mapir/gonzalo_ws/install/sancho_navigation/share/sancho_navigation/models/bush_2
copying models/bush_2/model.config -> /home/mapir/gonzalo_ws/install/sancho_navigation/share/sancho_navigation/models/bush_2
copying models/bush_2/meshes/Green_Le.jpg -> /home/mapir/gonzalo_ws/install/sancho_navigation/share/sancho_navigation/models/bush_2/meshes
copying models/bush_2/meshes/bush_2.obj -> /home/mapir/gonzalo_ws/install/sancho_navigation/share/sancho_navigation/models/bush_2/meshes
copying models/bush_2/meshes/bush_2.mtl -> /home/mapir/gonzalo_ws/install/sancho_navigation/share/sancho_navigation/models/bush_2/meshes
running install_egg_info
Copying ../../build/sancho_navigation/sancho_navigation.egg-info to /home/mapir/gonzalo_ws/install/sancho_navigation/lib/python3.10/site-packages/sancho_navigation-0.0.0-py3.10.egg-info
running install_scripts
Installing greenhouse_navigator script to /home/mapir/gonzalo_ws/install/sancho_navigation/lib/sancho_navigation
Installing route_visualizer script to /home/mapir/gonzalo_ws/install/sancho_navigation/lib/sancho_navigation
writing list of installed files to '/home/mapir/gonzalo_ws/build/sancho_navigation/install.log'
