[0.764s] Invoking command in '/home/mapir/gonzalo_ws/build/sancho_navigation': PYTHONPATH=/home/mapir/gonzalo_ws/build/sancho_navigation/prefix_override:/usr/lib/python3/dist-packages/colcon_core/task/python/colcon_distutils_commands:/home/mapir/gonzalo_ws/install/sancho_navigation/lib/python3.10/site-packages:${PYTHONPATH} /usr/bin/python3 -W ignore:setup.py install is deprecated -W ignore:easy_install command is deprecated setup.py develop --uninstall --editable --build-directory /home/mapir/gonzalo_ws/build/sancho_navigation/build
[1.041s] running develop
[1.270s] Removing /home/mapir/gonzalo_ws/install/sancho_navigation/lib/python3.10/site-packages/sancho-navigation.egg-link (link to .)
[1.311s] Invoked command in '/home/mapir/gonzalo_ws/build/sancho_navigation' returned '0': PYTHONPATH=/home/mapir/gonzalo_ws/build/sancho_navigation/prefix_override:/usr/lib/python3/dist-packages/colcon_core/task/python/colcon_distutils_commands:/home/mapir/gonzalo_ws/install/sancho_navigation/lib/python3.10/site-packages:${PYTHONPATH} /usr/bin/python3 -W ignore:setup.py install is deprecated -W ignore:easy_install command is deprecated setup.py develop --uninstall --editable --build-directory /home/mapir/gonzalo_ws/build/sancho_navigation/build
[1.313s] Invoking command in '/home/mapir/gonzalo_ws/src/sancho_navigation': PYTHONPATH=/home/mapir/gonzalo_ws/build/sancho_navigation/prefix_override:/usr/lib/python3/dist-packages/colcon_core/task/python/colcon_distutils_commands:/home/mapir/gonzalo_ws/install/sancho_navigation/lib/python3.10/site-packages:${PYTHONPATH} /usr/bin/python3 -W ignore:setup.py install is deprecated -W ignore:easy_install command is deprecated setup.py egg_info --egg-base ../../build/sancho_navigation build --build-base /home/mapir/gonzalo_ws/build/sancho_navigation/build install --record /home/mapir/gonzalo_ws/build/sancho_navigation/install.log --single-version-externally-managed install_data --force
[1.582s] running egg_info
[1.582s] writing ../../build/sancho_navigation/sancho_navigation.egg-info/PKG-INFO
[1.583s] writing dependency_links to ../../build/sancho_navigation/sancho_navigation.egg-info/dependency_links.txt
[1.583s] writing entry points to ../../build/sancho_navigation/sancho_navigation.egg-info/entry_points.txt
[1.583s] writing requirements to ../../build/sancho_navigation/sancho_navigation.egg-info/requires.txt
[1.583s] writing top-level names to ../../build/sancho_navigation/sancho_navigation.egg-info/top_level.txt
[1.585s] reading manifest file '../../build/sancho_navigation/sancho_navigation.egg-info/SOURCES.txt'
[1.586s] writing manifest file '../../build/sancho_navigation/sancho_navigation.egg-info/SOURCES.txt'
[1.586s] running build
[1.586s] running build_py
[1.587s] creating /home/mapir/gonzalo_ws/build/sancho_navigation/build
[1.587s] creating /home/mapir/gonzalo_ws/build/sancho_navigation/build/lib
[1.587s] creating /home/mapir/gonzalo_ws/build/sancho_navigation/build/lib/sancho_navigation
[1.587s] copying sancho_navigation/greenhouse_navigator.py -> /home/mapir/gonzalo_ws/build/sancho_navigation/build/lib/sancho_navigation
[1.587s] copying sancho_navigation/__init__.py -> /home/mapir/gonzalo_ws/build/sancho_navigation/build/lib/sancho_navigation
[1.588s] copying sancho_navigation/plant_doctor.py -> /home/mapir/gonzalo_ws/build/sancho_navigation/build/lib/sancho_navigation
[1.588s] copying sancho_navigation/route_visualizer.py -> /home/mapir/gonzalo_ws/build/sancho_navigation/build/lib/sancho_navigation
[1.588s] running install
[1.588s] running install_lib
[1.588s] creating /home/mapir/gonzalo_ws/install/sancho_navigation/lib/python3.10/site-packages/sancho_navigation
[1.588s] copying /home/mapir/gonzalo_ws/build/sancho_navigation/build/lib/sancho_navigation/greenhouse_navigator.py -> /home/mapir/gonzalo_ws/install/sancho_navigation/lib/python3.10/site-packages/sancho_navigation
[1.588s] copying /home/mapir/gonzalo_ws/build/sancho_navigation/build/lib/sancho_navigation/__init__.py -> /home/mapir/gonzalo_ws/install/sancho_navigation/lib/python3.10/site-packages/sancho_navigation
[1.588s] copying /home/mapir/gonzalo_ws/build/sancho_navigation/build/lib/sancho_navigation/plant_doctor.py -> /home/mapir/gonzalo_ws/install/sancho_navigation/lib/python3.10/site-packages/sancho_navigation
[1.588s] copying /home/mapir/gonzalo_ws/build/sancho_navigation/build/lib/sancho_navigation/route_visualizer.py -> /home/mapir/gonzalo_ws/install/sancho_navigation/lib/python3.10/site-packages/sancho_navigation
[1.588s] byte-compiling /home/mapir/gonzalo_ws/install/sancho_navigation/lib/python3.10/site-packages/sancho_navigation/greenhouse_navigator.py to greenhouse_navigator.cpython-310.pyc
[1.590s] byte-compiling /home/mapir/gonzalo_ws/install/sancho_navigation/lib/python3.10/site-packages/sancho_navigation/__init__.py to __init__.cpython-310.pyc
[1.590s] byte-compiling /home/mapir/gonzalo_ws/install/sancho_navigation/lib/python3.10/site-packages/sancho_navigation/plant_doctor.py to plant_doctor.cpython-310.pyc
[1.591s] byte-compiling /home/mapir/gonzalo_ws/install/sancho_navigation/lib/python3.10/site-packages/sancho_navigation/route_visualizer.py to route_visualizer.cpython-310.pyc
[1.592s] running install_data
[1.592s] copying resource/sancho_navigation -> /home/mapir/gonzalo_ws/install/sancho_navigation/share/ament_index/resource_index/packages
[1.592s] copying package.xml -> /home/mapir/gonzalo_ws/install/sancho_navigation/share/sancho_navigation
[1.592s] copying launch/simulation.launch.py -> /home/mapir/gonzalo_ws/install/sancho_navigation/share/sancho_navigation/launch
[1.592s] copying launch/slam.launch.py -> /home/mapir/gonzalo_ws/install/sancho_navigation/share/sancho_navigation/launch
[1.592s] copying launch/navigation.launch.py -> /home/mapir/gonzalo_ws/install/sancho_navigation/share/sancho_navigation/launch
[1.592s] copying launch/real_navigation.launch.py -> /home/mapir/gonzalo_ws/install/sancho_navigation/share/sancho_navigation/launch
[1.592s] copying config/mapper_params_real.yaml -> /home/mapir/gonzalo_ws/install/sancho_navigation/share/sancho_navigation/config
[1.592s] copying config/nav2_params_sim.yaml -> /home/mapir/gonzalo_ws/install/sancho_navigation/share/sancho_navigation/config
[1.593s] copying config/mapper_params_online_async.yaml -> /home/mapir/gonzalo_ws/install/sancho_navigation/share/sancho_navigation/config
[1.593s] copying config/greenhouse_config.yaml -> /home/mapir/gonzalo_ws/install/sancho_navigation/share/sancho_navigation/config
[1.593s] copying config/nav2_params_real.yaml -> /home/mapir/gonzalo_ws/install/sancho_navigation/share/sancho_navigation/config
[1.593s] copying worlds/greenhouse.world -> /home/mapir/gonzalo_ws/install/sancho_navigation/share/sancho_navigation/worlds
[1.593s] copying maps/prueba.pgm -> /home/mapir/gonzalo_ws/install/sancho_navigation/share/sancho_navigation/maps
[1.593s] copying maps/greenhouse_raw.pgm -> /home/mapir/gonzalo_ws/install/sancho_navigation/share/sancho_navigation/maps
[1.593s] copying maps/greenhouse_raw.yaml -> /home/mapir/gonzalo_ws/install/sancho_navigation/share/sancho_navigation/maps
[1.593s] copying maps/prueba.yaml -> /home/mapir/gonzalo_ws/install/sancho_navigation/share/sancho_navigation/maps
[1.593s] copying maps/greenhouse_map.yaml -> /home/mapir/gonzalo_ws/install/sancho_navigation/share/sancho_navigation/maps
[1.594s] copying maps/greenhouse_map.pgm -> /home/mapir/gonzalo_ws/install/sancho_navigation/share/sancho_navigation/maps
[1.594s] copying test_images/test1.JPG -> /home/mapir/gonzalo_ws/install/sancho_navigation/share/sancho_navigation/test_images
[1.600s] copying test_images/test4.JPG -> /home/mapir/gonzalo_ws/install/sancho_navigation/share/sancho_navigation/test_images
[1.617s] copying test_images/test3.JPG -> /home/mapir/gonzalo_ws/install/sancho_navigation/share/sancho_navigation/test_images
[1.623s] copying test_images/test2.JPG -> /home/mapir/gonzalo_ws/install/sancho_navigation/share/sancho_navigation/test_images
[1.638s] copying models/best_model_optimized.pth -> /home/mapir/gonzalo_ws/install/sancho_navigation/share/sancho_navigation/models
[1.683s] copying models/tomato_model.pth -> /home/mapir/gonzalo_ws/install/sancho_navigation/share/sancho_navigation/models
[2.888s] copying models/bush_2/model.sdf -> /home/mapir/gonzalo_ws/install/sancho_navigation/share/sancho_navigation/models/bush_2
[2.895s] copying models/bush_2/model.config -> /home/mapir/gonzalo_ws/install/sancho_navigation/share/sancho_navigation/models/bush_2
[2.902s] copying models/bush_2/meshes/Green_Le.jpg -> /home/mapir/gonzalo_ws/install/sancho_navigation/share/sancho_navigation/models/bush_2/meshes
[2.908s] copying models/bush_2/meshes/bush_2.obj -> /home/mapir/gonzalo_ws/install/sancho_navigation/share/sancho_navigation/models/bush_2/meshes
[2.992s] copying models/bush_2/meshes/bush_2.mtl -> /home/mapir/gonzalo_ws/install/sancho_navigation/share/sancho_navigation/models/bush_2/meshes
[2.996s] running install_egg_info
[2.999s] Copying ../../build/sancho_navigation/sancho_navigation.egg-info to /home/mapir/gonzalo_ws/install/sancho_navigation/lib/python3.10/site-packages/sancho_navigation-0.0.0-py3.10.egg-info
[3.002s] running install_scripts
[3.043s] Installing greenhouse_navigator script to /home/mapir/gonzalo_ws/install/sancho_navigation/lib/sancho_navigation
[3.043s] Installing route_visualizer script to /home/mapir/gonzalo_ws/install/sancho_navigation/lib/sancho_navigation
[3.046s] writing list of installed files to '/home/mapir/gonzalo_ws/build/sancho_navigation/install.log'
[3.078s] Invoked command in '/home/mapir/gonzalo_ws/src/sancho_navigation' returned '0': PYTHONPATH=/home/mapir/gonzalo_ws/build/sancho_navigation/prefix_override:/usr/lib/python3/dist-packages/colcon_core/task/python/colcon_distutils_commands:/home/mapir/gonzalo_ws/install/sancho_navigation/lib/python3.10/site-packages:${PYTHONPATH} /usr/bin/python3 -W ignore:setup.py install is deprecated -W ignore:easy_install command is deprecated setup.py egg_info --egg-base ../../build/sancho_navigation build --build-base /home/mapir/gonzalo_ws/build/sancho_navigation/build install --record /home/mapir/gonzalo_ws/build/sancho_navigation/install.log --single-version-externally-managed install_data --force
