[1.493s] DEBUG:colcon:Command line arguments: ['/usr/bin/colcon', 'build']
[1.493s] DEBUG:colcon:Parsed command line arguments: Namespace(log_base=None, log_level=None, verb_name='build', build_base='build', install_base='install', merge_install=False, symlink_install=False, test_result_base=None, continue_on_error=False, executor='parallel', parallel_workers=12, event_handlers=None, ignore_user_meta=False, metas=['./colcon.meta'], base_paths=['.'], packages_ignore=None, packages_ignore_regex=None, paths=None, packages_up_to=None, packages_up_to_regex=None, packages_above=None, packages_above_and_dependencies=None, packages_above_depth=None, packages_select_by_dep=None, packages_skip_by_dep=None, packages_skip_up_to=None, packages_select_build_failed=False, packages_skip_build_finished=False, packages_select_test_failures=False, packages_skip_test_passed=False, packages_select=None, packages_skip=None, packages_select_regex=None, packages_skip_regex=None, packages_start=None, packages_end=None, allow_overriding=[], cmake_args=None, cmake_target=None, cmake_target_skip_unavailable=False, cmake_clean_cache=False, cmake_clean_first=False, cmake_force_configure=False, ament_cmake_args=None, catkin_cmake_args=None, catkin_skip_building_tests=False, verb_parser=<colcon_defaults.argument_parser.defaults.DefaultArgumentsDecorator object at 0x797d14f682e0>, verb_extension=<colcon_core.verb.build.BuildVerb object at 0x797d14f2bbe0>, main=<bound method BuildVerb.main of <colcon_core.verb.build.BuildVerb object at 0x797d14f2bbe0>>)
[2.637s] Level 1:colcon.colcon_core.package_discovery:discover_packages(colcon_meta) check parameters
[2.638s] Level 1:colcon.colcon_core.package_discovery:discover_packages(recursive) check parameters
[2.638s] Level 1:colcon.colcon_core.package_discovery:discover_packages(ignore) check parameters
[2.638s] Level 1:colcon.colcon_core.package_discovery:discover_packages(path) check parameters
[2.638s] Level 1:colcon.colcon_core.package_discovery:discover_packages(colcon_meta) discover
[2.638s] Level 1:colcon.colcon_core.package_discovery:discover_packages(recursive) discover
[2.639s] INFO:colcon.colcon_core.package_discovery:Crawling recursively for packages in '/home/gonzalomarin/gonzalo_ws'
[2.639s] Level 1:colcon.colcon_core.package_identification:_identify(.) by extensions ['ignore', 'ignore_ament_install']
[2.639s] Level 1:colcon.colcon_core.package_identification:_identify(.) by extension 'ignore'
[2.639s] Level 1:colcon.colcon_core.package_identification:_identify(.) by extension 'ignore_ament_install'
[2.640s] Level 1:colcon.colcon_core.package_identification:_identify(.) by extensions ['colcon_pkg']
[2.640s] Level 1:colcon.colcon_core.package_identification:_identify(.) by extension 'colcon_pkg'
[2.640s] Level 1:colcon.colcon_core.package_identification:_identify(.) by extensions ['colcon_meta']
[2.640s] Level 1:colcon.colcon_core.package_identification:_identify(.) by extension 'colcon_meta'
[2.640s] Level 1:colcon.colcon_core.package_identification:_identify(.) by extensions ['ros']
[2.640s] Level 1:colcon.colcon_core.package_identification:_identify(.) by extension 'ros'
[2.689s] Level 1:colcon.colcon_core.package_identification:_identify(.) by extensions ['cmake', 'python']
[2.689s] Level 1:colcon.colcon_core.package_identification:_identify(.) by extension 'cmake'
[2.689s] Level 1:colcon.colcon_core.package_identification:_identify(.) by extension 'python'
[2.689s] Level 1:colcon.colcon_core.package_identification:_identify(.) by extensions ['python_setup_py']
[2.689s] Level 1:colcon.colcon_core.package_identification:_identify(.) by extension 'python_setup_py'
[2.689s] Level 1:colcon.colcon_core.package_identification:_identify(build) by extensions ['ignore', 'ignore_ament_install']
[2.689s] Level 1:colcon.colcon_core.package_identification:_identify(build) by extension 'ignore'
[2.690s] Level 1:colcon.colcon_core.package_identification:_identify(build) ignored
[2.690s] Level 1:colcon.colcon_core.package_identification:_identify(install) by extensions ['ignore', 'ignore_ament_install']
[2.690s] Level 1:colcon.colcon_core.package_identification:_identify(install) by extension 'ignore'
[2.690s] Level 1:colcon.colcon_core.package_identification:_identify(install) ignored
[2.690s] Level 1:colcon.colcon_core.package_identification:_identify(log) by extensions ['ignore', 'ignore_ament_install']
[2.690s] Level 1:colcon.colcon_core.package_identification:_identify(log) by extension 'ignore'
[2.691s] Level 1:colcon.colcon_core.package_identification:_identify(log) ignored
[2.691s] Level 1:colcon.colcon_core.package_identification:_identify(maps_sancho) by extensions ['ignore', 'ignore_ament_install']
[2.691s] Level 1:colcon.colcon_core.package_identification:_identify(maps_sancho) by extension 'ignore'
[2.691s] Level 1:colcon.colcon_core.package_identification:_identify(maps_sancho) by extension 'ignore_ament_install'
[2.691s] Level 1:colcon.colcon_core.package_identification:_identify(maps_sancho) by extensions ['colcon_pkg']
[2.691s] Level 1:colcon.colcon_core.package_identification:_identify(maps_sancho) by extension 'colcon_pkg'
[2.691s] Level 1:colcon.colcon_core.package_identification:_identify(maps_sancho) by extensions ['colcon_meta']
[2.691s] Level 1:colcon.colcon_core.package_identification:_identify(maps_sancho) by extension 'colcon_meta'
[2.692s] Level 1:colcon.colcon_core.package_identification:_identify(maps_sancho) by extensions ['ros']
[2.692s] Level 1:colcon.colcon_core.package_identification:_identify(maps_sancho) by extension 'ros'
[2.692s] Level 1:colcon.colcon_core.package_identification:_identify(maps_sancho) by extensions ['cmake', 'python']
[2.692s] Level 1:colcon.colcon_core.package_identification:_identify(maps_sancho) by extension 'cmake'
[2.692s] Level 1:colcon.colcon_core.package_identification:_identify(maps_sancho) by extension 'python'
[2.692s] Level 1:colcon.colcon_core.package_identification:_identify(maps_sancho) by extensions ['python_setup_py']
[2.692s] Level 1:colcon.colcon_core.package_identification:_identify(maps_sancho) by extension 'python_setup_py'
[2.692s] Level 1:colcon.colcon_core.package_identification:_identify(plant_photos_raw) by extensions ['ignore', 'ignore_ament_install']
[2.692s] Level 1:colcon.colcon_core.package_identification:_identify(plant_photos_raw) by extension 'ignore'
[2.692s] Level 1:colcon.colcon_core.package_identification:_identify(plant_photos_raw) by extension 'ignore_ament_install'
[2.692s] Level 1:colcon.colcon_core.package_identification:_identify(plant_photos_raw) by extensions ['colcon_pkg']
[2.693s] Level 1:colcon.colcon_core.package_identification:_identify(plant_photos_raw) by extension 'colcon_pkg'
[2.693s] Level 1:colcon.colcon_core.package_identification:_identify(plant_photos_raw) by extensions ['colcon_meta']
[2.693s] Level 1:colcon.colcon_core.package_identification:_identify(plant_photos_raw) by extension 'colcon_meta'
[2.693s] Level 1:colcon.colcon_core.package_identification:_identify(plant_photos_raw) by extensions ['ros']
[2.693s] Level 1:colcon.colcon_core.package_identification:_identify(plant_photos_raw) by extension 'ros'
[2.693s] Level 1:colcon.colcon_core.package_identification:_identify(plant_photos_raw) by extensions ['cmake', 'python']
[2.693s] Level 1:colcon.colcon_core.package_identification:_identify(plant_photos_raw) by extension 'cmake'
[2.693s] Level 1:colcon.colcon_core.package_identification:_identify(plant_photos_raw) by extension 'python'
[2.693s] Level 1:colcon.colcon_core.package_identification:_identify(plant_photos_raw) by extensions ['python_setup_py']
[2.693s] Level 1:colcon.colcon_core.package_identification:_identify(plant_photos_raw) by extension 'python_setup_py'
[2.693s] Level 1:colcon.colcon_core.package_identification:_identify(src) by extensions ['ignore', 'ignore_ament_install']
[2.693s] Level 1:colcon.colcon_core.package_identification:_identify(src) by extension 'ignore'
[2.694s] Level 1:colcon.colcon_core.package_identification:_identify(src) by extension 'ignore_ament_install'
[2.694s] Level 1:colcon.colcon_core.package_identification:_identify(src) by extensions ['colcon_pkg']
[2.694s] Level 1:colcon.colcon_core.package_identification:_identify(src) by extension 'colcon_pkg'
[2.694s] Level 1:colcon.colcon_core.package_identification:_identify(src) by extensions ['colcon_meta']
[2.694s] Level 1:colcon.colcon_core.package_identification:_identify(src) by extension 'colcon_meta'
[2.694s] Level 1:colcon.colcon_core.package_identification:_identify(src) by extensions ['ros']
[2.694s] Level 1:colcon.colcon_core.package_identification:_identify(src) by extension 'ros'
[2.694s] Level 1:colcon.colcon_core.package_identification:_identify(src) by extensions ['cmake', 'python']
[2.694s] Level 1:colcon.colcon_core.package_identification:_identify(src) by extension 'cmake'
[2.694s] Level 1:colcon.colcon_core.package_identification:_identify(src) by extension 'python'
[2.694s] Level 1:colcon.colcon_core.package_identification:_identify(src) by extensions ['python_setup_py']
[2.694s] Level 1:colcon.colcon_core.package_identification:_identify(src) by extension 'python_setup_py'
[2.695s] Level 1:colcon.colcon_core.package_identification:_identify(src/sancho_navigation) by extensions ['ignore', 'ignore_ament_install']
[2.695s] Level 1:colcon.colcon_core.package_identification:_identify(src/sancho_navigation) by extension 'ignore'
[2.695s] Level 1:colcon.colcon_core.package_identification:_identify(src/sancho_navigation) by extension 'ignore_ament_install'
[2.695s] Level 1:colcon.colcon_core.package_identification:_identify(src/sancho_navigation) by extensions ['colcon_pkg']
[2.695s] Level 1:colcon.colcon_core.package_identification:_identify(src/sancho_navigation) by extension 'colcon_pkg'
[2.695s] Level 1:colcon.colcon_core.package_identification:_identify(src/sancho_navigation) by extensions ['colcon_meta']
[2.695s] Level 1:colcon.colcon_core.package_identification:_identify(src/sancho_navigation) by extension 'colcon_meta'
[2.695s] Level 1:colcon.colcon_core.package_identification:_identify(src/sancho_navigation) by extensions ['ros']
[2.695s] Level 1:colcon.colcon_core.package_identification:_identify(src/sancho_navigation) by extension 'ros'
[2.705s] DEBUG:colcon.colcon_core.package_identification:Package 'src/sancho_navigation' with type 'ros.ament_python' and name 'sancho_navigation'
[2.705s] Level 1:colcon.colcon_core.package_discovery:discover_packages(recursive) using defaults
[2.705s] Level 1:colcon.colcon_core.package_discovery:discover_packages(ignore) discover
[2.705s] Level 1:colcon.colcon_core.package_discovery:discover_packages(ignore) using defaults
[2.705s] Level 1:colcon.colcon_core.package_discovery:discover_packages(path) discover
[2.705s] Level 1:colcon.colcon_core.package_discovery:discover_packages(path) using defaults
[2.834s] Level 1:colcon.colcon_core.package_discovery:discover_packages(prefix_path) check parameters
[2.834s] Level 1:colcon.colcon_core.package_discovery:discover_packages(prefix_path) discover
[2.853s] DEBUG:colcon.colcon_installed_package_information.package_discovery:Found 372 installed packages in /opt/ros/humble
[2.860s] Level 1:colcon.colcon_core.package_discovery:discover_packages(prefix_path) using defaults
[2.919s] Level 5:colcon.colcon_core.verb:set package 'sancho_navigation' build argument 'cmake_args' from command line to 'None'
[2.919s] Level 5:colcon.colcon_core.verb:set package 'sancho_navigation' build argument 'cmake_target' from command line to 'None'
[2.919s] Level 5:colcon.colcon_core.verb:set package 'sancho_navigation' build argument 'cmake_target_skip_unavailable' from command line to 'False'
[2.919s] Level 5:colcon.colcon_core.verb:set package 'sancho_navigation' build argument 'cmake_clean_cache' from command line to 'False'
[2.919s] Level 5:colcon.colcon_core.verb:set package 'sancho_navigation' build argument 'cmake_clean_first' from command line to 'False'
[2.920s] Level 5:colcon.colcon_core.verb:set package 'sancho_navigation' build argument 'cmake_force_configure' from command line to 'False'
[2.920s] Level 5:colcon.colcon_core.verb:set package 'sancho_navigation' build argument 'ament_cmake_args' from command line to 'None'
[2.920s] Level 5:colcon.colcon_core.verb:set package 'sancho_navigation' build argument 'catkin_cmake_args' from command line to 'None'
[2.920s] Level 5:colcon.colcon_core.verb:set package 'sancho_navigation' build argument 'catkin_skip_building_tests' from command line to 'False'
[2.920s] DEBUG:colcon.colcon_core.verb:Building package 'sancho_navigation' with the following arguments: {'ament_cmake_args': None, 'build_base': '/home/gonzalomarin/gonzalo_ws/build/sancho_navigation', 'catkin_cmake_args': None, 'catkin_skip_building_tests': False, 'cmake_args': None, 'cmake_clean_cache': False, 'cmake_clean_first': False, 'cmake_force_configure': False, 'cmake_target': None, 'cmake_target_skip_unavailable': False, 'install_base': '/home/gonzalomarin/gonzalo_ws/install/sancho_navigation', 'merge_install': False, 'path': '/home/gonzalomarin/gonzalo_ws/src/sancho_navigation', 'symlink_install': False, 'test_result_base': None}
[2.920s] INFO:colcon.colcon_core.executor:Executing jobs using 'parallel' executor
[2.921s] DEBUG:colcon.colcon_parallel_executor.executor.parallel:run_until_complete
[2.921s] INFO:colcon.colcon_ros.task.ament_python.build:Building ROS package in '/home/gonzalomarin/gonzalo_ws/src/sancho_navigation' with build type 'ament_python'
[2.921s] Level 1:colcon.colcon_core.shell:create_environment_hook('sancho_navigation', 'ament_prefix_path')
[2.961s] INFO:colcon.colcon_core.plugin_system:Skipping extension 'colcon_core.shell.bat': Not used on non-Windows systems
[2.962s] INFO:colcon.colcon_core.shell:Creating environment hook '/home/gonzalomarin/gonzalo_ws/install/sancho_navigation/share/sancho_navigation/hook/ament_prefix_path.ps1'
[2.967s] INFO:colcon.colcon_core.shell:Creating environment descriptor '/home/gonzalomarin/gonzalo_ws/install/sancho_navigation/share/sancho_navigation/hook/ament_prefix_path.dsv'
[2.971s] INFO:colcon.colcon_core.shell:Creating environment hook '/home/gonzalomarin/gonzalo_ws/install/sancho_navigation/share/sancho_navigation/hook/ament_prefix_path.sh'
[2.975s] INFO:colcon.colcon_core.shell:Skip shell extension 'powershell' for command environment: Not usable outside of PowerShell
[2.975s] DEBUG:colcon.colcon_core.shell:Skip shell extension 'dsv' for command environment
[3.252s] INFO:colcon.colcon_core.task.python.build:Building Python package in '/home/gonzalomarin/gonzalo_ws/src/sancho_navigation'
[3.252s] INFO:colcon.colcon_core.shell:Skip shell extension 'powershell' for command environment: Not usable outside of PowerShell
[3.252s] DEBUG:colcon.colcon_core.shell:Skip shell extension 'dsv' for command environment
[4.032s] DEBUG:colcon.colcon_core.event_handler.log_command:Invoking command in '/home/gonzalomarin/gonzalo_ws/src/sancho_navigation': PYTHONPATH=/home/gonzalomarin/gonzalo_ws/build/sancho_navigation/prefix_override:/usr/lib/python3/dist-packages/colcon_core/task/python/colcon_distutils_commands:/home/gonzalomarin/gonzalo_ws/install/sancho_navigation/lib/python3.10/site-packages:${PYTHONPATH} /usr/bin/python3 -W ignore:setup.py install is deprecated -W ignore:easy_install command is deprecated setup.py egg_info --egg-base ../../build/sancho_navigation build --build-base /home/gonzalomarin/gonzalo_ws/build/sancho_navigation/build install --record /home/gonzalomarin/gonzalo_ws/build/sancho_navigation/install.log --single-version-externally-managed install_data
[4.332s] DEBUG:colcon.colcon_core.event_handler.log_command:Invoked command in '/home/gonzalomarin/gonzalo_ws/src/sancho_navigation' returned '0': PYTHONPATH=/home/gonzalomarin/gonzalo_ws/build/sancho_navigation/prefix_override:/usr/lib/python3/dist-packages/colcon_core/task/python/colcon_distutils_commands:/home/gonzalomarin/gonzalo_ws/install/sancho_navigation/lib/python3.10/site-packages:${PYTHONPATH} /usr/bin/python3 -W ignore:setup.py install is deprecated -W ignore:easy_install command is deprecated setup.py egg_info --egg-base ../../build/sancho_navigation build --build-base /home/gonzalomarin/gonzalo_ws/build/sancho_navigation/build install --record /home/gonzalomarin/gonzalo_ws/build/sancho_navigation/install.log --single-version-externally-managed install_data
[4.384s] Level 1:colcon.colcon_core.environment:checking '/home/gonzalomarin/gonzalo_ws/install/sancho_navigation' for CMake module files
[4.386s] Level 1:colcon.colcon_core.environment:checking '/home/gonzalomarin/gonzalo_ws/install/sancho_navigation' for CMake config files
[4.388s] Level 1:colcon.colcon_core.environment:checking '/home/gonzalomarin/gonzalo_ws/install/sancho_navigation/lib'
[4.389s] Level 1:colcon.colcon_core.environment:checking '/home/gonzalomarin/gonzalo_ws/install/sancho_navigation/bin'
[4.389s] Level 1:colcon.colcon_core.environment:checking '/home/gonzalomarin/gonzalo_ws/install/sancho_navigation/lib/pkgconfig/sancho_navigation.pc'
[4.390s] Level 1:colcon.colcon_core.environment:checking '/home/gonzalomarin/gonzalo_ws/install/sancho_navigation/lib/python3.10/site-packages'
[4.390s] Level 1:colcon.colcon_core.shell:create_environment_hook('sancho_navigation', 'pythonpath')
[4.391s] INFO:colcon.colcon_core.shell:Creating environment hook '/home/gonzalomarin/gonzalo_ws/install/sancho_navigation/share/sancho_navigation/hook/pythonpath.ps1'
[4.393s] INFO:colcon.colcon_core.shell:Creating environment descriptor '/home/gonzalomarin/gonzalo_ws/install/sancho_navigation/share/sancho_navigation/hook/pythonpath.dsv'
[4.394s] INFO:colcon.colcon_core.shell:Creating environment hook '/home/gonzalomarin/gonzalo_ws/install/sancho_navigation/share/sancho_navigation/hook/pythonpath.sh'
[4.397s] Level 1:colcon.colcon_core.environment:checking '/home/gonzalomarin/gonzalo_ws/install/sancho_navigation/bin'
[4.397s] Level 1:colcon.colcon_core.environment:create_environment_scripts_only(sancho_navigation)
[4.398s] INFO:colcon.colcon_core.shell:Creating package script '/home/gonzalomarin/gonzalo_ws/install/sancho_navigation/share/sancho_navigation/package.ps1'
[4.402s] INFO:colcon.colcon_core.shell:Creating package descriptor '/home/gonzalomarin/gonzalo_ws/install/sancho_navigation/share/sancho_navigation/package.dsv'
[4.405s] INFO:colcon.colcon_core.shell:Creating package script '/home/gonzalomarin/gonzalo_ws/install/sancho_navigation/share/sancho_navigation/package.sh'
[4.408s] INFO:colcon.colcon_core.shell:Creating package script '/home/gonzalomarin/gonzalo_ws/install/sancho_navigation/share/sancho_navigation/package.bash'
[4.416s] INFO:colcon.colcon_core.shell:Creating package script '/home/gonzalomarin/gonzalo_ws/install/sancho_navigation/share/sancho_navigation/package.zsh'
[4.423s] Level 1:colcon.colcon_core.environment:create_file_with_runtime_dependencies(/home/gonzalomarin/gonzalo_ws/install/sancho_navigation/share/colcon-core/packages/sancho_navigation)
[4.423s] DEBUG:colcon.colcon_parallel_executor.executor.parallel:closing loop
[4.424s] DEBUG:colcon.colcon_parallel_executor.executor.parallel:loop closed
[4.424s] DEBUG:colcon.colcon_parallel_executor.executor.parallel:run_until_complete finished with '0'
[4.424s] DEBUG:colcon.colcon_core.event_reactor:joining thread
[4.445s] INFO:colcon.colcon_core.plugin_system:Skipping extension 'colcon_notification.desktop_notification.terminal_notifier': Not used on non-Darwin systems
[4.445s] INFO:colcon.colcon_core.plugin_system:Skipping extension 'colcon_notification.desktop_notification.win32': Not used on non-Windows systems
[4.445s] INFO:colcon.colcon_notification.desktop_notification:Sending desktop notification using 'notify2'
[4.464s] DEBUG:colcon.colcon_core.event_reactor:joined thread
[4.464s] INFO:colcon.colcon_core.shell:Creating prefix script '/home/gonzalomarin/gonzalo_ws/install/local_setup.ps1'
[4.466s] INFO:colcon.colcon_core.shell:Creating prefix util module '/home/gonzalomarin/gonzalo_ws/install/_local_setup_util_ps1.py'
[4.470s] INFO:colcon.colcon_core.shell:Creating prefix chain script '/home/gonzalomarin/gonzalo_ws/install/setup.ps1'
[4.472s] INFO:colcon.colcon_core.shell:Creating prefix script '/home/gonzalomarin/gonzalo_ws/install/local_setup.sh'
[4.474s] INFO:colcon.colcon_core.shell:Creating prefix util module '/home/gonzalomarin/gonzalo_ws/install/_local_setup_util_sh.py'
[4.475s] INFO:colcon.colcon_core.shell:Creating prefix chain script '/home/gonzalomarin/gonzalo_ws/install/setup.sh'
[4.478s] INFO:colcon.colcon_core.shell:Creating prefix script '/home/gonzalomarin/gonzalo_ws/install/local_setup.bash'
[4.479s] INFO:colcon.colcon_core.shell:Creating prefix chain script '/home/gonzalomarin/gonzalo_ws/install/setup.bash'
[4.483s] INFO:colcon.colcon_core.shell:Creating prefix script '/home/gonzalomarin/gonzalo_ws/install/local_setup.zsh'
[4.486s] INFO:colcon.colcon_core.shell:Creating prefix chain script '/home/gonzalomarin/gonzalo_ws/install/setup.zsh'
