[0.777s] Invoking command in '/home/mapir/gonzalo_ws/build/sancho_navigation': PYTHONPATH=/home/mapir/gonzalo_ws/build/sancho_navigation/prefix_override:/usr/lib/python3/dist-packages/colcon_core/task/python/colcon_distutils_commands:/home/mapir/gonzalo_ws/install/sancho_navigation/lib/python3.10/site-packages:${PYTHONPATH} /usr/bin/python3 -W ignore:setup.py install is deprecated -W ignore:easy_install command is deprecated setup.py develop --editable --build-directory /home/mapir/gonzalo_ws/build/sancho_navigation/build --no-deps symlink_data
[1.083s] running develop
[1.323s] running egg_info
[1.324s] creating sancho_navigation.egg-info
[1.324s] writing sancho_navigation.egg-info/PKG-INFO
[1.324s] writing dependency_links to sancho_navigation.egg-info/dependency_links.txt
[1.324s] writing entry points to sancho_navigation.egg-info/entry_points.txt
[1.324s] writing requirements to sancho_navigation.egg-info/requires.txt
[1.324s] writing top-level names to sancho_navigation.egg-info/top_level.txt
[1.325s] writing manifest file 'sancho_navigation.egg-info/SOURCES.txt'
[1.327s] reading manifest file 'sancho_navigation.egg-info/SOURCES.txt'
[1.327s] writing manifest file 'sancho_navigation.egg-info/SOURCES.txt'
[1.357s] running build_ext
[1.357s] Creating /home/mapir/gonzalo_ws/install/sancho_navigation/lib/python3.10/site-packages/sancho-navigation.egg-link (link to .)
[1.358s] Installing greenhouse_navigator script to /home/mapir/gonzalo_ws/install/sancho_navigation/lib/sancho_navigation
[1.358s] Installing route_visualizer script to /home/mapir/gonzalo_ws/install/sancho_navigation/lib/sancho_navigation
[1.358s] 
[1.359s] Installed /home/mapir/gonzalo_ws/build/sancho_navigation
[1.359s] running symlink_data
[1.359s] creating /home/mapir/gonzalo_ws/install/sancho_navigation/share/ament_index
[1.359s] creating /home/mapir/gonzalo_ws/install/sancho_navigation/share/ament_index/resource_index
[1.360s] creating /home/mapir/gonzalo_ws/install/sancho_navigation/share/ament_index/resource_index/packages
[1.360s] symbolically linking /home/mapir/gonzalo_ws/build/sancho_navigation/resource/sancho_navigation -> /home/mapir/gonzalo_ws/install/sancho_navigation/share/ament_index/resource_index/packages
[1.360s] symbolically linking /home/mapir/gonzalo_ws/build/sancho_navigation/package.xml -> /home/mapir/gonzalo_ws/install/sancho_navigation/share/sancho_navigation
[1.360s] creating /home/mapir/gonzalo_ws/install/sancho_navigation/share/sancho_navigation/launch
[1.360s] symbolically linking /home/mapir/gonzalo_ws/build/sancho_navigation/launch/simulation.launch.py -> /home/mapir/gonzalo_ws/install/sancho_navigation/share/sancho_navigation/launch
[1.360s] symbolically linking /home/mapir/gonzalo_ws/build/sancho_navigation/launch/slam.launch.py -> /home/mapir/gonzalo_ws/install/sancho_navigation/share/sancho_navigation/launch
[1.360s] symbolically linking /home/mapir/gonzalo_ws/build/sancho_navigation/launch/navigation.launch.py -> /home/mapir/gonzalo_ws/install/sancho_navigation/share/sancho_navigation/launch
[1.361s] symbolically linking /home/mapir/gonzalo_ws/build/sancho_navigation/launch/real_navigation.launch.py -> /home/mapir/gonzalo_ws/install/sancho_navigation/share/sancho_navigation/launch
[1.361s] creating /home/mapir/gonzalo_ws/install/sancho_navigation/share/sancho_navigation/config
[1.361s] symbolically linking /home/mapir/gonzalo_ws/build/sancho_navigation/config/mapper_params_real.yaml -> /home/mapir/gonzalo_ws/install/sancho_navigation/share/sancho_navigation/config
[1.361s] symbolically linking /home/mapir/gonzalo_ws/build/sancho_navigation/config/nav2_params_sim.yaml -> /home/mapir/gonzalo_ws/install/sancho_navigation/share/sancho_navigation/config
[1.361s] symbolically linking /home/mapir/gonzalo_ws/build/sancho_navigation/config/mapper_params_online_async.yaml -> /home/mapir/gonzalo_ws/install/sancho_navigation/share/sancho_navigation/config
[1.361s] symbolically linking /home/mapir/gonzalo_ws/build/sancho_navigation/config/greenhouse_config.yaml -> /home/mapir/gonzalo_ws/install/sancho_navigation/share/sancho_navigation/config
[1.361s] symbolically linking /home/mapir/gonzalo_ws/build/sancho_navigation/config/nav2_params_real.yaml -> /home/mapir/gonzalo_ws/install/sancho_navigation/share/sancho_navigation/config
[1.362s] creating /home/mapir/gonzalo_ws/install/sancho_navigation/share/sancho_navigation/worlds
[1.362s] symbolically linking /home/mapir/gonzalo_ws/build/sancho_navigation/worlds/greenhouse.world -> /home/mapir/gonzalo_ws/install/sancho_navigation/share/sancho_navigation/worlds
[1.362s] creating /home/mapir/gonzalo_ws/install/sancho_navigation/share/sancho_navigation/maps
[1.362s] symbolically linking /home/mapir/gonzalo_ws/build/sancho_navigation/maps/prueba.pgm -> /home/mapir/gonzalo_ws/install/sancho_navigation/share/sancho_navigation/maps
[1.362s] symbolically linking /home/mapir/gonzalo_ws/build/sancho_navigation/maps/greenhouse_raw.pgm -> /home/mapir/gonzalo_ws/install/sancho_navigation/share/sancho_navigation/maps
[1.362s] symbolically linking /home/mapir/gonzalo_ws/build/sancho_navigation/maps/greenhouse_raw.yaml -> /home/mapir/gonzalo_ws/install/sancho_navigation/share/sancho_navigation/maps
[1.362s] symbolically linking /home/mapir/gonzalo_ws/build/sancho_navigation/maps/prueba.yaml -> /home/mapir/gonzalo_ws/install/sancho_navigation/share/sancho_navigation/maps
[1.362s] symbolically linking /home/mapir/gonzalo_ws/build/sancho_navigation/maps/greenhouse_map.yaml -> /home/mapir/gonzalo_ws/install/sancho_navigation/share/sancho_navigation/maps
[1.362s] symbolically linking /home/mapir/gonzalo_ws/build/sancho_navigation/maps/greenhouse_map.pgm -> /home/mapir/gonzalo_ws/install/sancho_navigation/share/sancho_navigation/maps
[1.363s] creating /home/mapir/gonzalo_ws/install/sancho_navigation/share/sancho_navigation/test_images
[1.363s] symbolically linking /home/mapir/gonzalo_ws/build/sancho_navigation/test_images/test1.JPG -> /home/mapir/gonzalo_ws/install/sancho_navigation/share/sancho_navigation/test_images
[1.363s] symbolically linking /home/mapir/gonzalo_ws/build/sancho_navigation/test_images/test4.JPG -> /home/mapir/gonzalo_ws/install/sancho_navigation/share/sancho_navigation/test_images
[1.363s] symbolically linking /home/mapir/gonzalo_ws/build/sancho_navigation/test_images/test3.JPG -> /home/mapir/gonzalo_ws/install/sancho_navigation/share/sancho_navigation/test_images
[1.363s] symbolically linking /home/mapir/gonzalo_ws/build/sancho_navigation/test_images/test2.JPG -> /home/mapir/gonzalo_ws/install/sancho_navigation/share/sancho_navigation/test_images
[1.363s] creating /home/mapir/gonzalo_ws/install/sancho_navigation/share/sancho_navigation/models
[1.363s] symbolically linking /home/mapir/gonzalo_ws/build/sancho_navigation/models/best_model_optimized.pth -> /home/mapir/gonzalo_ws/install/sancho_navigation/share/sancho_navigation/models
[1.363s] symbolically linking /home/mapir/gonzalo_ws/build/sancho_navigation/models/tomato_model.pth -> /home/mapir/gonzalo_ws/install/sancho_navigation/share/sancho_navigation/models
[1.364s] creating /home/mapir/gonzalo_ws/install/sancho_navigation/share/sancho_navigation/models/bush_2
[1.364s] symbolically linking /home/mapir/gonzalo_ws/build/sancho_navigation/models/bush_2/model.sdf -> /home/mapir/gonzalo_ws/install/sancho_navigation/share/sancho_navigation/models/bush_2
[1.364s] symbolically linking /home/mapir/gonzalo_ws/build/sancho_navigation/models/bush_2/model.config -> /home/mapir/gonzalo_ws/install/sancho_navigation/share/sancho_navigation/models/bush_2
[1.364s] creating /home/mapir/gonzalo_ws/install/sancho_navigation/share/sancho_navigation/models/bush_2/meshes
[1.364s] symbolically linking /home/mapir/gonzalo_ws/build/sancho_navigation/models/bush_2/meshes/Green_Le.jpg -> /home/mapir/gonzalo_ws/install/sancho_navigation/share/sancho_navigation/models/bush_2/meshes
[1.364s] symbolically linking /home/mapir/gonzalo_ws/build/sancho_navigation/models/bush_2/meshes/bush_2.obj -> /home/mapir/gonzalo_ws/install/sancho_navigation/share/sancho_navigation/models/bush_2/meshes
[1.364s] symbolically linking /home/mapir/gonzalo_ws/build/sancho_navigation/models/bush_2/meshes/bush_2.mtl -> /home/mapir/gonzalo_ws/install/sancho_navigation/share/sancho_navigation/models/bush_2/meshes
[1.413s] Invoked command in '/home/mapir/gonzalo_ws/build/sancho_navigation' returned '0': PYTHONPATH=/home/mapir/gonzalo_ws/build/sancho_navigation/prefix_override:/usr/lib/python3/dist-packages/colcon_core/task/python/colcon_distutils_commands:/home/mapir/gonzalo_ws/install/sancho_navigation/lib/python3.10/site-packages:${PYTHONPATH} /usr/bin/python3 -W ignore:setup.py install is deprecated -W ignore:easy_install command is deprecated setup.py develop --editable --build-directory /home/mapir/gonzalo_ws/build/sancho_navigation/build --no-deps symlink_data
